../source/router_eligible_device_app.c:613:13:APP_ThrNwkJoin	8	static
../source/router_eligible_device_app.c:885:13:APP_JoinEventsHandler	8	static
../source/router_eligible_device_app.c:631:13:App_JoinTimerCallback	8	static
../source/router_eligible_device_app.c:766:13:APP_AppModeHandleKeyboard	8	static
../source/router_eligible_device_app.c:861:13:App_UpdateStateLeds	8	static
../source/router_eligible_device_app.c:652:13:APP_ConfigModeSwShortPressHandler	8	static
../source/router_eligible_device_app.c:723:13:APP_ConfigModeHandleKeyboard	8	static
../source/router_eligible_device_app.c:835:13:App_HandleKeyboard	8	static
../source/router_eligible_device_app.c:1488:13:App_RestoreLeaderLed	8	static
../source/router_eligible_device_app.c:1221:13:APP_LocalDataSinkRelease	24	static
../source/router_eligible_device_app.c:1020:20:APP_SendDataSinkCommand	32	static
../source/router_eligible_device_app.c:1071:13:APP_SendDataSinkRelease	24	static
../source/router_eligible_device_app.c:933:13:APP_CoapGenericCallback	8	static
../source/router_eligible_device_app.c:1449:13:APP_CoapSinkCb	16	static
../source/router_eligible_device_app.c:1274:13:APP_ProcessLedCmd	24	static
../source/router_eligible_device_app.c:1095:13:APP_SendLedCommand	24	static
../source/router_eligible_device_app.c:1203:13:APP_SendLedColorWheel	32	static
../source/router_eligible_device_app.c:1186:13:APP_SendLedFlash	16	static
../source/router_eligible_device_app.c:1169:13:APP_SendLedRgbOff	40	static
../source/router_eligible_device_app.c:1244:13:APP_CoapLedCb	16	static
../source/router_eligible_device_app.c:1138:13:APP_SendLedRgbOn	56	static
../source/router_eligible_device_app.c:971:13:APP_ReportTemp	24	static
../source/router_eligible_device_app.c:1049:13:APP_SendDataSinkCreate	16	static
../source/router_eligible_device_app.c:588:13:APP_InitCoapDemo	96	static
../source/router_eligible_device_app.c:266:13:APP_CoapResource2Cb	16	static
../source/router_eligible_device_app.c:198:13:APP_CoapResource1Cb	128	static
../source/router_eligible_device_app.c:1378:13:APP_CoapTempCb	88	static
../source/router_eligible_device_app.c:192:6:Ip_view	0	static
../source/router_eligible_device_app.c:286:6:APP_Init	8	static
../source/router_eligible_device_app.c:345:6:APP_Handler	8	static
../source/router_eligible_device_app.c:370:6:APP_NwkScanHandler	16	static
../source/router_eligible_device_app.c:396:6:Stack_to_APP_Handler	16	static
../source/router_eligible_device_app.c:504:6:APP_Commissioning_Handler	72	static
../source/router_eligible_device_app.c:572:6:App_RestoreLeaderLedCb	8	static
