../source/router_eligible_device_app.c:621:13:APP_ThrNwkJoin	8	static
../source/router_eligible_device_app.c:893:13:APP_JoinEventsHandler	8	static
../source/router_eligible_device_app.c:639:13:App_JoinTimerCallback	8	static
../source/router_eligible_device_app.c:774:13:APP_AppModeHandleKeyboard	8	static
../source/router_eligible_device_app.c:869:13:App_UpdateStateLeds	8	static
../source/router_eligible_device_app.c:660:13:APP_ConfigModeSwShortPressHandler	8	static
../source/router_eligible_device_app.c:731:13:APP_ConfigModeHandleKeyboard	8	static
../source/router_eligible_device_app.c:843:13:App_HandleKeyboard	8	static
../source/router_eligible_device_app.c:1496:13:App_RestoreLeaderLed	8	static
../source/router_eligible_device_app.c:1229:13:APP_LocalDataSinkRelease	24	static
../source/router_eligible_device_app.c:1028:20:APP_SendDataSinkCommand	32	static
../source/router_eligible_device_app.c:1079:13:APP_SendDataSinkRelease	24	static
../source/router_eligible_device_app.c:941:13:APP_CoapGenericCallback	8	static
../source/router_eligible_device_app.c:1457:13:APP_CoapSinkCb	16	static
../source/router_eligible_device_app.c:1282:13:APP_ProcessLedCmd	24	static
../source/router_eligible_device_app.c:1103:13:APP_SendLedCommand	24	static
../source/router_eligible_device_app.c:1211:13:APP_SendLedColorWheel	32	static
../source/router_eligible_device_app.c:1194:13:APP_SendLedFlash	16	static
../source/router_eligible_device_app.c:1177:13:APP_SendLedRgbOff	40	static
../source/router_eligible_device_app.c:1252:13:APP_CoapLedCb	16	static
../source/router_eligible_device_app.c:1146:13:APP_SendLedRgbOn	56	static
../source/router_eligible_device_app.c:979:13:APP_ReportTemp	24	static
../source/router_eligible_device_app.c:1057:13:APP_SendDataSinkCreate	16	static
../source/router_eligible_device_app.c:592:13:APP_InitCoapDemo	96	static
../source/router_eligible_device_app.c:253:13:APP_CoapResource1Cb	64	static
../source/router_eligible_device_app.c:1386:13:APP_CoapTempCb	88	static
../source/router_eligible_device_app.c:194:6:APP_Init	8	static
../source/router_eligible_device_app.c:349:6:APP_Handler	8	static
../source/router_eligible_device_app.c:374:6:APP_NwkScanHandler	16	static
../source/router_eligible_device_app.c:400:6:Stack_to_APP_Handler	16	static
../source/router_eligible_device_app.c:508:6:APP_Commissioning_Handler	72	static
../source/router_eligible_device_app.c:576:6:App_RestoreLeaderLedCb	8	static
