../nwk_ip/base/shell/shell_ip.c:3707:17:SHELL_SearchInterfaceById	0	static
../nwk_ip/base/shell/shell_ip.c:5477:15:SHELL_GetNeighborsIpAddr	32	static
../nwk_ip/base/shell/shell_ip.c:1443:15:SHELL_Identify	8	static
../nwk_ip/base/shell/shell_ip.c:1582:13:SHELL_InterruptCb	8	static
../nwk_ip/base/shell/shell_ip.c:3280:13:SHELL_PrintStatus	8	static
../nwk_ip/base/shell/shell_ip.c:3431:13:SHELL_PrintNeighborState	8	static
../nwk_ip/base/shell/shell_ip.c:3585:13:SHELL_PrintBuff	16	static
../nwk_ip/base/shell/shell_ip.c:3607:13:SHELL_ReadBuff	24	static
../nwk_ip/base/shell/shell_ip.c:5354:13:SHELL_Filtering_Print	48	static
../nwk_ip/base/shell/shell_ip.c:3538:13:SHELL_PrintNwkCapabilities	24	static
../nwk_ip/base/shell/shell_ip.c:3489:13:SHELL_PrintDevType	24	static
../nwk_ip/base/shell/shell_ip.c:3471:13:SHELL_PrintDevRole	24	static
../nwk_ip/base/shell/shell_ip.c:1379:13:SHELL_Resume	8	static
../nwk_ip/base/shell/shell_ip.c:5222:15:SHELL_Filter	40	static
../nwk_ip/base/shell/shell_ip.c:1988:15:SHELL_FactoryResetReq	8	static
../nwk_ip/base/shell/shell_ip.c:1423:15:SHELL_Reboot	8	static
../nwk_ip/base/shell/shell_ip.c:3634:15:SHELL_ReadIPv6Addr	8	static
../nwk_ip/base/shell/shell_ip.c:3736:15:SHELL_CoapSend	104	static
../nwk_ip/base/shell/shell_ip.c:5529:6:SHELL_MgmtDiagnosticAppCb	96	static
../nwk_ip/base/shell/shell_ip.c:3981:13:SHELL_CoapAckReceive	80	static
../nwk_ip/base/shell/shell_ip.c:5170:15:SHELL_SendDns	24	static
../nwk_ip/base/shell/shell_ip.c:4484:13:PING_TimerCallback	8	static
../nwk_ip/base/shell/shell_ip.c:1550:13:SHELL_ProcessCb	24	static
../nwk_ip/base/shell/shell_ip.c:4579:13:PING_RetransmitCallback	8	static
../nwk_ip/base/shell/shell_ip.c:4655:13:PING_SendPing	16	static
../nwk_ip/base/shell/shell_ip.c:3672:23:SHELL_SearchInterfaceByName	24	static
../nwk_ip/base/shell/shell_ip.c:4280:21:PING_CreatePktInfo	24	static
../nwk_ip/base/shell/shell_ip.c:4073:15:SHELL_Ping	24	static
../nwk_ip/base/shell/shell_ip.c:4499:13:PING_HandleTimerCallback	16	static
../nwk_ip/base/shell/shell_ip.c:4595:13:PING_RetransmitHandle	16	static
../nwk_ip/base/shell/shell_ip.c:1115:6:PING_EchoReplyReceiveAsync	16	static
../nwk_ip/base/shell/shell_ip.c:4771:15:SHELL_MulticastGroups	96	static
../nwk_ip/base/shell/shell_ip.c:1941:13:SHELL_PrintFirewallRules	72	static
../nwk_ip/base/shell/shell_ip.c:1844:15:SHELL_IpFirewall	64	static
../nwk_ip/base/shell/shell_ip.c:1785:13:SHELL_PrintIPv6Routes	72	static
../nwk_ip/base/shell/shell_ip.c:1716:15:SHELL_Routes	64	static
../nwk_ip/base/shell/shell_ip.c:3155:13:SHELL_ThrStopCommissioner	8	static
../nwk_ip/base/shell/shell_ip.c:3139:13:SHELL_ThrStartCommissioner	8	static
../nwk_ip/base/shell/shell_ip.c:3071:13:SHELL_ThrNwkJoin	8	static
../nwk_ip/base/shell/shell_ip.c:3107:13:SHELL_ThrNwkCreate	8	static
../nwk_ip/base/shell/shell_ip.c:3170:13:SHELL_PrintJoinersTbl	24	static
../nwk_ip/base/shell/shell_ip.c:2009:15:SHELL_ThrCommands	152	static
../nwk_ip/base/shell/shell_ip.c:3211:13:SHELL_PrintRoutingTbl	32	static
../nwk_ip/base/shell/shell_ip.c:3302:13:SHELL_PrintParentInfo	16	static
../nwk_ip/base/shell/shell_ip.c:3333:13:SHELL_PrintNeighborTbl	40	static
../nwk_ip/base/shell/shell_ip.c:3391:13:SHELL_PrintNeighborInfo	16	static
../nwk_ip/base/shell/shell_ip.c:3514:13:SHELL_PrintActiveTimestamp	48	static
../nwk_ip/base/shell/shell_ip.c:1462:13:SHELL_Process	112	static
../nwk_ip/base/shell/shell_ip.c:4380:13:PING_EchoReplyReceive	32	static
../nwk_ip/base/shell/shell_ip.c:1137:6:SHELL_DnsNdDataService	88	static
../nwk_ip/base/shell/shell_ip.c:1233:6:SHELL_DnsService	64	static
../nwk_ip/base/shell/shell_ip.c:774:6:SHELLComm_Init	8	static
../nwk_ip/base/shell/shell_ip.c:801:6:SHELL_PrintIpAddr	104	static
../nwk_ip/base/shell/shell_ip.c:1612:15:SHELL_Ifconfig	40	static
../nwk_ip/base/shell/shell_ip.c:926:6:SHELL_EvMonitorInit	8	static
../nwk_ip/base/shell/shell_ip.c:945:6:SHELL_EvMonitor	16	static
../nwk_ip/base/shell/shell_ip.c:1064:6:SHELL_NwkScanPrint	24	static
