../nwk_ip/base/shell/shell_ip.c:3705:17:SHELL_SearchInterfaceById	0	static
../nwk_ip/base/shell/shell_ip.c:5475:15:SHELL_GetNeighborsIpAddr	32	static
../nwk_ip/base/shell/shell_ip.c:1441:15:SHELL_Identify	8	static
../nwk_ip/base/shell/shell_ip.c:1580:13:SHELL_InterruptCb	8	static
../nwk_ip/base/shell/shell_ip.c:3278:13:SHELL_PrintStatus	8	static
../nwk_ip/base/shell/shell_ip.c:3429:13:SHELL_PrintNeighborState	8	static
../nwk_ip/base/shell/shell_ip.c:3583:13:SHELL_PrintBuff	16	static
../nwk_ip/base/shell/shell_ip.c:3605:13:SHELL_ReadBuff	24	static
../nwk_ip/base/shell/shell_ip.c:5352:13:SHELL_Filtering_Print	48	static
../nwk_ip/base/shell/shell_ip.c:3536:13:SHELL_PrintNwkCapabilities	24	static
../nwk_ip/base/shell/shell_ip.c:3487:13:SHELL_PrintDevType	24	static
../nwk_ip/base/shell/shell_ip.c:3469:13:SHELL_PrintDevRole	24	static
../nwk_ip/base/shell/shell_ip.c:1377:13:SHELL_Resume	8	static
../nwk_ip/base/shell/shell_ip.c:5220:15:SHELL_Filter	40	static
../nwk_ip/base/shell/shell_ip.c:1986:15:SHELL_FactoryResetReq	8	static
../nwk_ip/base/shell/shell_ip.c:1421:15:SHELL_Reboot	8	static
../nwk_ip/base/shell/shell_ip.c:3632:15:SHELL_ReadIPv6Addr	8	static
../nwk_ip/base/shell/shell_ip.c:3734:15:SHELL_CoapSend	104	static
../nwk_ip/base/shell/shell_ip.c:5527:6:SHELL_MgmtDiagnosticAppCb	96	static
../nwk_ip/base/shell/shell_ip.c:3979:13:SHELL_CoapAckReceive	80	static
../nwk_ip/base/shell/shell_ip.c:5168:15:SHELL_SendDns	24	static
../nwk_ip/base/shell/shell_ip.c:4482:13:PING_TimerCallback	8	static
../nwk_ip/base/shell/shell_ip.c:1548:13:SHELL_ProcessCb	24	static
../nwk_ip/base/shell/shell_ip.c:4577:13:PING_RetransmitCallback	8	static
../nwk_ip/base/shell/shell_ip.c:4653:13:PING_SendPing	16	static
../nwk_ip/base/shell/shell_ip.c:3670:23:SHELL_SearchInterfaceByName	24	static
../nwk_ip/base/shell/shell_ip.c:4278:21:PING_CreatePktInfo	24	static
../nwk_ip/base/shell/shell_ip.c:4071:15:SHELL_Ping	24	static
../nwk_ip/base/shell/shell_ip.c:4497:13:PING_HandleTimerCallback	16	static
../nwk_ip/base/shell/shell_ip.c:4593:13:PING_RetransmitHandle	16	static
../nwk_ip/base/shell/shell_ip.c:1113:6:PING_EchoReplyReceiveAsync	16	static
../nwk_ip/base/shell/shell_ip.c:4769:15:SHELL_MulticastGroups	96	static
../nwk_ip/base/shell/shell_ip.c:1939:13:SHELL_PrintFirewallRules	72	static
../nwk_ip/base/shell/shell_ip.c:1842:15:SHELL_IpFirewall	64	static
../nwk_ip/base/shell/shell_ip.c:1783:13:SHELL_PrintIPv6Routes	72	static
../nwk_ip/base/shell/shell_ip.c:1714:15:SHELL_Routes	64	static
../nwk_ip/base/shell/shell_ip.c:3153:13:SHELL_ThrStopCommissioner	8	static
../nwk_ip/base/shell/shell_ip.c:3137:13:SHELL_ThrStartCommissioner	8	static
../nwk_ip/base/shell/shell_ip.c:3069:13:SHELL_ThrNwkJoin	8	static
../nwk_ip/base/shell/shell_ip.c:3105:13:SHELL_ThrNwkCreate	8	static
../nwk_ip/base/shell/shell_ip.c:3168:13:SHELL_PrintJoinersTbl	24	static
../nwk_ip/base/shell/shell_ip.c:2007:15:SHELL_ThrCommands	152	static
../nwk_ip/base/shell/shell_ip.c:3209:13:SHELL_PrintRoutingTbl	32	static
../nwk_ip/base/shell/shell_ip.c:3300:13:SHELL_PrintParentInfo	16	static
../nwk_ip/base/shell/shell_ip.c:3331:13:SHELL_PrintNeighborTbl	40	static
../nwk_ip/base/shell/shell_ip.c:3389:13:SHELL_PrintNeighborInfo	16	static
../nwk_ip/base/shell/shell_ip.c:3512:13:SHELL_PrintActiveTimestamp	48	static
../nwk_ip/base/shell/shell_ip.c:1460:13:SHELL_Process	112	static
../nwk_ip/base/shell/shell_ip.c:4378:13:PING_EchoReplyReceive	32	static
../nwk_ip/base/shell/shell_ip.c:1135:6:SHELL_DnsNdDataService	88	static
../nwk_ip/base/shell/shell_ip.c:1231:6:SHELL_DnsService	64	static
../nwk_ip/base/shell/shell_ip.c:774:6:SHELLComm_Init	8	static
../nwk_ip/base/shell/shell_ip.c:801:6:SHELL_PrintIpAddr	104	static
../nwk_ip/base/shell/shell_ip.c:1610:15:SHELL_Ifconfig	40	static
../nwk_ip/base/shell/shell_ip.c:926:6:SHELL_EvMonitorInit	8	static
../nwk_ip/base/shell/shell_ip.c:945:6:SHELL_EvMonitor	16	static
../nwk_ip/base/shell/shell_ip.c:1062:6:SHELL_NwkScanPrint	24	static
